[0.118s] Invoking command in '/home/leon-wahl/Documents/fertige_version_von_rplidar_robo/robotik_master_volksbot/src/voronoi_planner_v/build/voronoi_planner_v': CMAKE_PREFIX_PATH=${CMAKE_PREFIX_PATH}:/home/leon-wahl/Documents/fertige_version_von_rplidar_robo/robotik_master_volksbot/install/explore_lite:/opt/ros/jazzy DEBUGINFOD_URLS=https://debuginfod.ubuntu.com /usr/bin/cmake /home/leon-wahl/Documents/fertige_version_von_rplidar_robo/robotik_master_volksbot/src/voronoi_planner_v -DCMAKE_INSTALL_PREFIX=/home/leon-wahl/Documents/fertige_version_von_rplidar_robo/robotik_master_volksbot/src/voronoi_planner_v/install/voronoi_planner_v
[0.698s] -- The C compiler identification is GNU 13.3.0
[1.292s] -- The CXX compiler identification is GNU 13.3.0
[1.473s] -- Detecting C compiler ABI info
[2.419s] -- Detecting C compiler ABI info - done
[2.506s] -- Check for working C compiler: /usr/bin/cc - skipped
[2.509s] -- Detecting C compile features
[2.513s] -- Detecting C compile features - done
[2.611s] -- Detecting CXX compiler ABI info
[3.674s] -- Detecting CXX compiler ABI info - done
[3.766s] -- Check for working CXX compiler: /usr/bin/c++ - skipped
[3.769s] -- Detecting CXX compile features
[3.774s] -- Detecting CXX compile features - done
[3.838s] -- Found ament_cmake: 2.5.6 (/opt/ros/jazzy/share/ament_cmake/cmake)
[5.562s] -- Found Python3: /usr/bin/python3 (found version "3.12.3") found components: Interpreter 
[7.118s] -- Found rclcpp: 28.1.22 (/opt/ros/jazzy/share/rclcpp/cmake)
[7.896s] -- Found rosidl_generator_c: 4.6.9 (/opt/ros/jazzy/share/rosidl_generator_c/cmake)
[8.149s] -- Found rosidl_generator_cpp: 4.6.9 (/opt/ros/jazzy/share/rosidl_generator_cpp/cmake)
[8.435s] -- Using all available rosidl_typesupport_c: rosidl_typesupport_fastrtps_c;rosidl_typesupport_introspection_c
[8.726s] -- Using all available rosidl_typesupport_cpp: rosidl_typesupport_fastrtps_cpp;rosidl_typesupport_introspection_cpp
[9.890s] -- Found rmw_implementation_cmake: 7.3.3 (/opt/ros/jazzy/share/rmw_implementation_cmake/cmake)
[9.960s] -- Found rmw_cyclonedds_cpp: 2.2.4 (/opt/ros/jazzy/share/rmw_cyclonedds_cpp/cmake)
[10.458s] -- Using RMW implementation 'rmw_cyclonedds_cpp' as default
[11.438s] -- Found nav_msgs: 5.3.8 (/opt/ros/jazzy/share/nav_msgs/cmake)
[12.204s] -- Found visualization_msgs: 5.3.8 (/opt/ros/jazzy/share/visualization_msgs/cmake)
[12.926s] -- Found OpenCV: /usr (found version "4.6.0") 
[13.792s] -- Configuring done (13.6s)
[13.961s] -- Generating done (0.1s)
[14.004s] -- Build files have been written to: /home/leon-wahl/Documents/fertige_version_von_rplidar_robo/robotik_master_volksbot/src/voronoi_planner_v/build/voronoi_planner_v
[14.080s] Invoked command in '/home/leon-wahl/Documents/fertige_version_von_rplidar_robo/robotik_master_volksbot/src/voronoi_planner_v/build/voronoi_planner_v' returned '0': CMAKE_PREFIX_PATH=${CMAKE_PREFIX_PATH}:/home/leon-wahl/Documents/fertige_version_von_rplidar_robo/robotik_master_volksbot/install/explore_lite:/opt/ros/jazzy DEBUGINFOD_URLS=https://debuginfod.ubuntu.com /usr/bin/cmake /home/leon-wahl/Documents/fertige_version_von_rplidar_robo/robotik_master_volksbot/src/voronoi_planner_v -DCMAKE_INSTALL_PREFIX=/home/leon-wahl/Documents/fertige_version_von_rplidar_robo/robotik_master_volksbot/src/voronoi_planner_v/install/voronoi_planner_v
[14.093s] Invoking command in '/home/leon-wahl/Documents/fertige_version_von_rplidar_robo/robotik_master_volksbot/src/voronoi_planner_v/build/voronoi_planner_v': CMAKE_PREFIX_PATH=${CMAKE_PREFIX_PATH}:/home/leon-wahl/Documents/fertige_version_von_rplidar_robo/robotik_master_volksbot/install/explore_lite:/opt/ros/jazzy DEBUGINFOD_URLS=https://debuginfod.ubuntu.com /usr/bin/cmake --build /home/leon-wahl/Documents/fertige_version_von_rplidar_robo/robotik_master_volksbot/src/voronoi_planner_v/build/voronoi_planner_v -- -j12 -l12
[14.677s] [ 50%] [32mBuilding CXX object CMakeFiles/voronoi_planner_node.dir/src/voronoi_planner.cpp.o[0m
[90.985s] [100%] [32m[1mLinking CXX executable voronoi_planner_node[0m
[94.534s] [100%] Built target voronoi_planner_node
[94.666s] Invoked command in '/home/leon-wahl/Documents/fertige_version_von_rplidar_robo/robotik_master_volksbot/src/voronoi_planner_v/build/voronoi_planner_v' returned '0': CMAKE_PREFIX_PATH=${CMAKE_PREFIX_PATH}:/home/leon-wahl/Documents/fertige_version_von_rplidar_robo/robotik_master_volksbot/install/explore_lite:/opt/ros/jazzy DEBUGINFOD_URLS=https://debuginfod.ubuntu.com /usr/bin/cmake --build /home/leon-wahl/Documents/fertige_version_von_rplidar_robo/robotik_master_volksbot/src/voronoi_planner_v/build/voronoi_planner_v -- -j12 -l12
[94.778s] Invoking command in '/home/leon-wahl/Documents/fertige_version_von_rplidar_robo/robotik_master_volksbot/src/voronoi_planner_v/build/voronoi_planner_v': CMAKE_PREFIX_PATH=${CMAKE_PREFIX_PATH}:/home/leon-wahl/Documents/fertige_version_von_rplidar_robo/robotik_master_volksbot/install/explore_lite:/opt/ros/jazzy DEBUGINFOD_URLS=https://debuginfod.ubuntu.com /usr/bin/cmake --install /home/leon-wahl/Documents/fertige_version_von_rplidar_robo/robotik_master_volksbot/src/voronoi_planner_v/build/voronoi_planner_v
[94.870s] -- Install configuration: ""
[94.873s] -- Installing: /home/leon-wahl/Documents/fertige_version_von_rplidar_robo/robotik_master_volksbot/src/voronoi_planner_v/install/voronoi_planner_v/lib/voronoi_planner_v/voronoi_planner_node
[94.918s] -- Set non-toolchain portion of runtime path of "/home/leon-wahl/Documents/fertige_version_von_rplidar_robo/robotik_master_volksbot/src/voronoi_planner_v/install/voronoi_planner_v/lib/voronoi_planner_v/voronoi_planner_node" to ""
[94.921s] -- Installing: /home/leon-wahl/Documents/fertige_version_von_rplidar_robo/robotik_master_volksbot/src/voronoi_planner_v/install/voronoi_planner_v/share/ament_index/resource_index/package_run_dependencies/voronoi_planner_v
[94.925s] -- Installing: /home/leon-wahl/Documents/fertige_version_von_rplidar_robo/robotik_master_volksbot/src/voronoi_planner_v/install/voronoi_planner_v/share/ament_index/resource_index/parent_prefix_path/voronoi_planner_v
[94.929s] -- Installing: /home/leon-wahl/Documents/fertige_version_von_rplidar_robo/robotik_master_volksbot/src/voronoi_planner_v/install/voronoi_planner_v/share/voronoi_planner_v/environment/ament_prefix_path.sh
[94.932s] -- Installing: /home/leon-wahl/Documents/fertige_version_von_rplidar_robo/robotik_master_volksbot/src/voronoi_planner_v/install/voronoi_planner_v/share/voronoi_planner_v/environment/ament_prefix_path.dsv
[94.934s] -- Installing: /home/leon-wahl/Documents/fertige_version_von_rplidar_robo/robotik_master_volksbot/src/voronoi_planner_v/install/voronoi_planner_v/share/voronoi_planner_v/environment/path.sh
[94.937s] -- Installing: /home/leon-wahl/Documents/fertige_version_von_rplidar_robo/robotik_master_volksbot/src/voronoi_planner_v/install/voronoi_planner_v/share/voronoi_planner_v/environment/path.dsv
[94.940s] -- Installing: /home/leon-wahl/Documents/fertige_version_von_rplidar_robo/robotik_master_volksbot/src/voronoi_planner_v/install/voronoi_planner_v/share/voronoi_planner_v/local_setup.bash
[94.942s] -- Installing: /home/leon-wahl/Documents/fertige_version_von_rplidar_robo/robotik_master_volksbot/src/voronoi_planner_v/install/voronoi_planner_v/share/voronoi_planner_v/local_setup.sh
[94.944s] -- Installing: /home/leon-wahl/Documents/fertige_version_von_rplidar_robo/robotik_master_volksbot/src/voronoi_planner_v/install/voronoi_planner_v/share/voronoi_planner_v/local_setup.zsh
[94.946s] -- Installing: /home/leon-wahl/Documents/fertige_version_von_rplidar_robo/robotik_master_volksbot/src/voronoi_planner_v/install/voronoi_planner_v/share/voronoi_planner_v/local_setup.dsv
[94.948s] -- Installing: /home/leon-wahl/Documents/fertige_version_von_rplidar_robo/robotik_master_volksbot/src/voronoi_planner_v/install/voronoi_planner_v/share/voronoi_planner_v/package.dsv
[94.951s] -- Installing: /home/leon-wahl/Documents/fertige_version_von_rplidar_robo/robotik_master_volksbot/src/voronoi_planner_v/install/voronoi_planner_v/share/ament_index/resource_index/packages/voronoi_planner_v
[94.954s] -- Installing: /home/leon-wahl/Documents/fertige_version_von_rplidar_robo/robotik_master_volksbot/src/voronoi_planner_v/install/voronoi_planner_v/share/voronoi_planner_v/cmake/voronoi_planner_vConfig.cmake
[94.956s] -- Installing: /home/leon-wahl/Documents/fertige_version_von_rplidar_robo/robotik_master_volksbot/src/voronoi_planner_v/install/voronoi_planner_v/share/voronoi_planner_v/cmake/voronoi_planner_vConfig-version.cmake
[94.958s] -- Installing: /home/leon-wahl/Documents/fertige_version_von_rplidar_robo/robotik_master_volksbot/src/voronoi_planner_v/install/voronoi_planner_v/share/voronoi_planner_v/package.xml
[94.978s] Invoked command in '/home/leon-wahl/Documents/fertige_version_von_rplidar_robo/robotik_master_volksbot/src/voronoi_planner_v/build/voronoi_planner_v' returned '0': CMAKE_PREFIX_PATH=${CMAKE_PREFIX_PATH}:/home/leon-wahl/Documents/fertige_version_von_rplidar_robo/robotik_master_volksbot/install/explore_lite:/opt/ros/jazzy DEBUGINFOD_URLS=https://debuginfod.ubuntu.com /usr/bin/cmake --install /home/leon-wahl/Documents/fertige_version_von_rplidar_robo/robotik_master_volksbot/src/voronoi_planner_v/build/voronoi_planner_v
