[1.133s] DEBUG:colcon:Command line arguments: ['/usr/bin/colcon', 'build', '--packages-select', 'voronoi_planner_v']
[1.134s] DEBUG:colcon:Parsed command line arguments: Namespace(log_base=None, log_level=None, verb_name='build', build_base='build', install_base='install', merge_install=False, symlink_install=False, test_result_base=None, continue_on_error=False, executor='parallel', parallel_workers=12, event_handlers=None, ignore_user_meta=False, metas=['./colcon.meta'], base_paths=['.'], packages_ignore=None, packages_ignore_regex=None, paths=None, packages_up_to=None, packages_up_to_regex=None, packages_above=None, packages_above_and_dependencies=None, packages_above_depth=None, packages_select_by_dep=None, packages_skip_by_dep=None, packages_skip_up_to=None, packages_select_build_failed=False, packages_skip_build_finished=False, packages_select_test_failures=False, packages_skip_test_passed=False, packages_select=['voronoi_planner_v'], packages_skip=None, packages_select_regex=None, packages_skip_regex=None, packages_start=None, packages_end=None, allow_overriding=[], cmake_args=None, cmake_target=None, cmake_target_skip_unavailable=False, cmake_clean_cache=False, cmake_clean_first=False, cmake_force_configure=False, ament_cmake_args=None, catkin_cmake_args=None, catkin_skip_building_tests=False, mixin_files=None, mixin=None, verb_parser=<colcon_mixin.mixin.mixin_argument.MixinArgumentDecorator object at 0x7ff317faae10>, verb_extension=<colcon_core.verb.build.BuildVerb object at 0x7ff317faa9f0>, main=<bound method BuildVerb.main of <colcon_core.verb.build.BuildVerb object at 0x7ff317faa9f0>>, mixin_verb=('build',))
[1.500s] Level 1:colcon.colcon_core.package_discovery:discover_packages(colcon_meta) check parameters
[1.501s] Level 1:colcon.colcon_core.package_discovery:discover_packages(recursive) check parameters
[1.502s] Level 1:colcon.colcon_core.package_discovery:discover_packages(ignore) check parameters
[1.502s] Level 1:colcon.colcon_core.package_discovery:discover_packages(path) check parameters
[1.502s] Level 1:colcon.colcon_core.package_discovery:discover_packages(colcon_meta) discover
[1.503s] Level 1:colcon.colcon_core.package_discovery:discover_packages(recursive) discover
[1.503s] INFO:colcon.colcon_core.package_discovery:Crawling recursively for packages in '/home/leon-wahl/Documents/fertige_version_von_rplidar_robo/robotik_master_volksbot/src/voronoi_planner_v'
[1.504s] Level 1:colcon.colcon_core.package_identification:_identify(.) by extensions ['ignore', 'ignore_ament_install']
[1.505s] Level 1:colcon.colcon_core.package_identification:_identify(.) by extension 'ignore'
[1.506s] Level 1:colcon.colcon_core.package_identification:_identify(.) by extension 'ignore_ament_install'
[1.506s] Level 1:colcon.colcon_core.package_identification:_identify(.) by extensions ['colcon_pkg']
[1.507s] Level 1:colcon.colcon_core.package_identification:_identify(.) by extension 'colcon_pkg'
[1.507s] Level 1:colcon.colcon_core.package_identification:_identify(.) by extensions ['colcon_meta']
[1.507s] Level 1:colcon.colcon_core.package_identification:_identify(.) by extension 'colcon_meta'
[1.508s] Level 1:colcon.colcon_core.package_identification:_identify(.) by extensions ['ros']
[1.508s] Level 1:colcon.colcon_core.package_identification:_identify(.) by extension 'ros'
[1.754s] DEBUG:colcon.colcon_core.package_identification:Package '.' with type 'ros.ament_cmake' and name 'voronoi_planner_v'
[1.754s] Level 1:colcon.colcon_core.package_discovery:discover_packages(recursive) using defaults
[1.755s] Level 1:colcon.colcon_core.package_discovery:discover_packages(ignore) discover
[1.755s] Level 1:colcon.colcon_core.package_discovery:discover_packages(ignore) using defaults
[1.756s] Level 1:colcon.colcon_core.package_discovery:discover_packages(path) discover
[1.756s] Level 1:colcon.colcon_core.package_discovery:discover_packages(path) using defaults
[1.952s] Level 1:colcon.colcon_core.package_discovery:discover_packages(prefix_path) check parameters
[1.952s] Level 1:colcon.colcon_core.package_discovery:discover_packages(prefix_path) discover
[1.977s] DEBUG:colcon.colcon_installed_package_information.package_discovery:Found 11 installed packages in /home/leon-wahl/Documents/fertige_version_von_rplidar_robo/robotik_master_volksbot/install
[2.004s] DEBUG:colcon.colcon_installed_package_information.package_discovery:Found 524 installed packages in /opt/ros/jazzy
[2.023s] Level 1:colcon.colcon_core.package_discovery:discover_packages(prefix_path) using defaults
[2.766s] Level 5:colcon.colcon_core.verb:set package 'voronoi_planner_v' build argument 'cmake_args' from command line to 'None'
[2.767s] Level 5:colcon.colcon_core.verb:set package 'voronoi_planner_v' build argument 'cmake_target' from command line to 'None'
[2.767s] Level 5:colcon.colcon_core.verb:set package 'voronoi_planner_v' build argument 'cmake_target_skip_unavailable' from command line to 'False'
[2.767s] Level 5:colcon.colcon_core.verb:set package 'voronoi_planner_v' build argument 'cmake_clean_cache' from command line to 'False'
[2.768s] Level 5:colcon.colcon_core.verb:set package 'voronoi_planner_v' build argument 'cmake_clean_first' from command line to 'False'
[2.768s] Level 5:colcon.colcon_core.verb:set package 'voronoi_planner_v' build argument 'cmake_force_configure' from command line to 'False'
[2.768s] Level 5:colcon.colcon_core.verb:set package 'voronoi_planner_v' build argument 'ament_cmake_args' from command line to 'None'
[2.768s] Level 5:colcon.colcon_core.verb:set package 'voronoi_planner_v' build argument 'catkin_cmake_args' from command line to 'None'
[2.768s] Level 5:colcon.colcon_core.verb:set package 'voronoi_planner_v' build argument 'catkin_skip_building_tests' from command line to 'False'
[2.769s] DEBUG:colcon.colcon_core.verb:Building package 'voronoi_planner_v' with the following arguments: {'ament_cmake_args': None, 'build_base': '/home/leon-wahl/Documents/fertige_version_von_rplidar_robo/robotik_master_volksbot/src/voronoi_planner_v/build/voronoi_planner_v', 'catkin_cmake_args': None, 'catkin_skip_building_tests': False, 'cmake_args': None, 'cmake_clean_cache': False, 'cmake_clean_first': False, 'cmake_force_configure': False, 'cmake_target': None, 'cmake_target_skip_unavailable': False, 'install_base': '/home/leon-wahl/Documents/fertige_version_von_rplidar_robo/robotik_master_volksbot/src/voronoi_planner_v/install/voronoi_planner_v', 'merge_install': False, 'path': '/home/leon-wahl/Documents/fertige_version_von_rplidar_robo/robotik_master_volksbot/src/voronoi_planner_v', 'symlink_install': False, 'test_result_base': None}
[2.770s] INFO:colcon.colcon_core.executor:Executing jobs using 'parallel' executor
[2.777s] DEBUG:colcon.colcon_parallel_executor.executor.parallel:run_until_complete
[2.778s] INFO:colcon.colcon_ros.task.ament_cmake.build:Building ROS package in '/home/leon-wahl/Documents/fertige_version_von_rplidar_robo/robotik_master_volksbot/src/voronoi_planner_v' with build type 'ament_cmake'
[2.779s] INFO:colcon.colcon_cmake.task.cmake.build:Building CMake package in '/home/leon-wahl/Documents/fertige_version_von_rplidar_robo/robotik_master_volksbot/src/voronoi_planner_v'
[2.798s] INFO:colcon.colcon_core.plugin_system:Skipping extension 'colcon_core.shell.bat': Not used on non-Windows systems
[2.800s] INFO:colcon.colcon_core.shell:Skip shell extension 'powershell' for command environment: Not usable outside of PowerShell
[2.800s] DEBUG:colcon.colcon_core.shell:Skip shell extension 'dsv' for command environment
[2.903s] DEBUG:colcon.colcon_core.event_handler.log_command:Invoking command in '/home/leon-wahl/Documents/fertige_version_von_rplidar_robo/robotik_master_volksbot/src/voronoi_planner_v/build/voronoi_planner_v': CMAKE_PREFIX_PATH=${CMAKE_PREFIX_PATH}:/home/leon-wahl/Documents/fertige_version_von_rplidar_robo/robotik_master_volksbot/install/explore_lite:/opt/ros/jazzy DEBUGINFOD_URLS=https://debuginfod.ubuntu.com /usr/bin/cmake /home/leon-wahl/Documents/fertige_version_von_rplidar_robo/robotik_master_volksbot/src/voronoi_planner_v -DCMAKE_INSTALL_PREFIX=/home/leon-wahl/Documents/fertige_version_von_rplidar_robo/robotik_master_volksbot/src/voronoi_planner_v/install/voronoi_planner_v
[16.863s] DEBUG:colcon.colcon_core.event_handler.log_command:Invoked command in '/home/leon-wahl/Documents/fertige_version_von_rplidar_robo/robotik_master_volksbot/src/voronoi_planner_v/build/voronoi_planner_v' returned '0': CMAKE_PREFIX_PATH=${CMAKE_PREFIX_PATH}:/home/leon-wahl/Documents/fertige_version_von_rplidar_robo/robotik_master_volksbot/install/explore_lite:/opt/ros/jazzy DEBUGINFOD_URLS=https://debuginfod.ubuntu.com /usr/bin/cmake /home/leon-wahl/Documents/fertige_version_von_rplidar_robo/robotik_master_volksbot/src/voronoi_planner_v -DCMAKE_INSTALL_PREFIX=/home/leon-wahl/Documents/fertige_version_von_rplidar_robo/robotik_master_volksbot/src/voronoi_planner_v/install/voronoi_planner_v
[16.875s] DEBUG:colcon.colcon_core.event_handler.log_command:Invoking command in '/home/leon-wahl/Documents/fertige_version_von_rplidar_robo/robotik_master_volksbot/src/voronoi_planner_v/build/voronoi_planner_v': CMAKE_PREFIX_PATH=${CMAKE_PREFIX_PATH}:/home/leon-wahl/Documents/fertige_version_von_rplidar_robo/robotik_master_volksbot/install/explore_lite:/opt/ros/jazzy DEBUGINFOD_URLS=https://debuginfod.ubuntu.com /usr/bin/cmake --build /home/leon-wahl/Documents/fertige_version_von_rplidar_robo/robotik_master_volksbot/src/voronoi_planner_v/build/voronoi_planner_v -- -j12 -l12
[97.449s] DEBUG:colcon.colcon_core.event_handler.log_command:Invoked command in '/home/leon-wahl/Documents/fertige_version_von_rplidar_robo/robotik_master_volksbot/src/voronoi_planner_v/build/voronoi_planner_v' returned '0': CMAKE_PREFIX_PATH=${CMAKE_PREFIX_PATH}:/home/leon-wahl/Documents/fertige_version_von_rplidar_robo/robotik_master_volksbot/install/explore_lite:/opt/ros/jazzy DEBUGINFOD_URLS=https://debuginfod.ubuntu.com /usr/bin/cmake --build /home/leon-wahl/Documents/fertige_version_von_rplidar_robo/robotik_master_volksbot/src/voronoi_planner_v/build/voronoi_planner_v -- -j12 -l12
[97.561s] DEBUG:colcon.colcon_core.event_handler.log_command:Invoking command in '/home/leon-wahl/Documents/fertige_version_von_rplidar_robo/robotik_master_volksbot/src/voronoi_planner_v/build/voronoi_planner_v': CMAKE_PREFIX_PATH=${CMAKE_PREFIX_PATH}:/home/leon-wahl/Documents/fertige_version_von_rplidar_robo/robotik_master_volksbot/install/explore_lite:/opt/ros/jazzy DEBUGINFOD_URLS=https://debuginfod.ubuntu.com /usr/bin/cmake --install /home/leon-wahl/Documents/fertige_version_von_rplidar_robo/robotik_master_volksbot/src/voronoi_planner_v/build/voronoi_planner_v
[97.756s] Level 1:colcon.colcon_core.environment:create_environment_scripts_only(voronoi_planner_v)
[97.761s] DEBUG:colcon.colcon_core.event_handler.log_command:Invoked command in '/home/leon-wahl/Documents/fertige_version_von_rplidar_robo/robotik_master_volksbot/src/voronoi_planner_v/build/voronoi_planner_v' returned '0': CMAKE_PREFIX_PATH=${CMAKE_PREFIX_PATH}:/home/leon-wahl/Documents/fertige_version_von_rplidar_robo/robotik_master_volksbot/install/explore_lite:/opt/ros/jazzy DEBUGINFOD_URLS=https://debuginfod.ubuntu.com /usr/bin/cmake --install /home/leon-wahl/Documents/fertige_version_von_rplidar_robo/robotik_master_volksbot/src/voronoi_planner_v/build/voronoi_planner_v
[97.780s] Level 1:colcon.colcon_core.environment:checking '/home/leon-wahl/Documents/fertige_version_von_rplidar_robo/robotik_master_volksbot/src/voronoi_planner_v/install/voronoi_planner_v' for CMake module files
[97.786s] Level 1:colcon.colcon_core.environment:checking '/home/leon-wahl/Documents/fertige_version_von_rplidar_robo/robotik_master_volksbot/src/voronoi_planner_v/install/voronoi_planner_v' for CMake config files
[97.788s] Level 1:colcon.colcon_core.shell:create_environment_hook('voronoi_planner_v', 'cmake_prefix_path')
[97.790s] INFO:colcon.colcon_core.shell:Creating environment hook '/home/leon-wahl/Documents/fertige_version_von_rplidar_robo/robotik_master_volksbot/src/voronoi_planner_v/install/voronoi_planner_v/share/voronoi_planner_v/hook/cmake_prefix_path.ps1'
[97.796s] INFO:colcon.colcon_core.shell:Creating environment descriptor '/home/leon-wahl/Documents/fertige_version_von_rplidar_robo/robotik_master_volksbot/src/voronoi_planner_v/install/voronoi_planner_v/share/voronoi_planner_v/hook/cmake_prefix_path.dsv'
[97.800s] INFO:colcon.colcon_core.shell:Creating environment hook '/home/leon-wahl/Documents/fertige_version_von_rplidar_robo/robotik_master_volksbot/src/voronoi_planner_v/install/voronoi_planner_v/share/voronoi_planner_v/hook/cmake_prefix_path.sh'
[97.807s] Level 1:colcon.colcon_core.environment:checking '/home/leon-wahl/Documents/fertige_version_von_rplidar_robo/robotik_master_volksbot/src/voronoi_planner_v/install/voronoi_planner_v/lib'
[97.809s] Level 1:colcon.colcon_core.environment:checking '/home/leon-wahl/Documents/fertige_version_von_rplidar_robo/robotik_master_volksbot/src/voronoi_planner_v/install/voronoi_planner_v/bin'
[97.809s] Level 1:colcon.colcon_core.environment:checking '/home/leon-wahl/Documents/fertige_version_von_rplidar_robo/robotik_master_volksbot/src/voronoi_planner_v/install/voronoi_planner_v/lib/pkgconfig/voronoi_planner_v.pc'
[97.811s] Level 1:colcon.colcon_core.environment:checking '/home/leon-wahl/Documents/fertige_version_von_rplidar_robo/robotik_master_volksbot/src/voronoi_planner_v/install/voronoi_planner_v/lib/python3.12/site-packages'
[97.814s] Level 1:colcon.colcon_core.environment:checking '/home/leon-wahl/Documents/fertige_version_von_rplidar_robo/robotik_master_volksbot/src/voronoi_planner_v/install/voronoi_planner_v/bin'
[97.816s] INFO:colcon.colcon_core.shell:Creating package script '/home/leon-wahl/Documents/fertige_version_von_rplidar_robo/robotik_master_volksbot/src/voronoi_planner_v/install/voronoi_planner_v/share/voronoi_planner_v/package.ps1'
[97.825s] INFO:colcon.colcon_core.shell:Creating package descriptor '/home/leon-wahl/Documents/fertige_version_von_rplidar_robo/robotik_master_volksbot/src/voronoi_planner_v/install/voronoi_planner_v/share/voronoi_planner_v/package.dsv'
[97.830s] INFO:colcon.colcon_core.shell:Creating package script '/home/leon-wahl/Documents/fertige_version_von_rplidar_robo/robotik_master_volksbot/src/voronoi_planner_v/install/voronoi_planner_v/share/voronoi_planner_v/package.sh'
[97.836s] INFO:colcon.colcon_core.shell:Creating package script '/home/leon-wahl/Documents/fertige_version_von_rplidar_robo/robotik_master_volksbot/src/voronoi_planner_v/install/voronoi_planner_v/share/voronoi_planner_v/package.bash'
[97.841s] INFO:colcon.colcon_core.shell:Creating package script '/home/leon-wahl/Documents/fertige_version_von_rplidar_robo/robotik_master_volksbot/src/voronoi_planner_v/install/voronoi_planner_v/share/voronoi_planner_v/package.zsh'
[97.846s] Level 1:colcon.colcon_core.environment:create_file_with_runtime_dependencies(/home/leon-wahl/Documents/fertige_version_von_rplidar_robo/robotik_master_volksbot/src/voronoi_planner_v/install/voronoi_planner_v/share/colcon-core/packages/voronoi_planner_v)
[97.851s] Level 1:colcon.colcon_core.environment:create_environment_scripts_only(voronoi_planner_v)
[97.853s] Level 1:colcon.colcon_core.environment:checking '/home/leon-wahl/Documents/fertige_version_von_rplidar_robo/robotik_master_volksbot/src/voronoi_planner_v/install/voronoi_planner_v' for CMake module files
[97.857s] Level 1:colcon.colcon_core.environment:checking '/home/leon-wahl/Documents/fertige_version_von_rplidar_robo/robotik_master_volksbot/src/voronoi_planner_v/install/voronoi_planner_v' for CMake config files
[97.860s] Level 1:colcon.colcon_core.shell:create_environment_hook('voronoi_planner_v', 'cmake_prefix_path')
[97.861s] INFO:colcon.colcon_core.shell:Creating environment hook '/home/leon-wahl/Documents/fertige_version_von_rplidar_robo/robotik_master_volksbot/src/voronoi_planner_v/install/voronoi_planner_v/share/voronoi_planner_v/hook/cmake_prefix_path.ps1'
[97.865s] INFO:colcon.colcon_core.shell:Creating environment descriptor '/home/leon-wahl/Documents/fertige_version_von_rplidar_robo/robotik_master_volksbot/src/voronoi_planner_v/install/voronoi_planner_v/share/voronoi_planner_v/hook/cmake_prefix_path.dsv'
[97.868s] INFO:colcon.colcon_core.shell:Creating environment hook '/home/leon-wahl/Documents/fertige_version_von_rplidar_robo/robotik_master_volksbot/src/voronoi_planner_v/install/voronoi_planner_v/share/voronoi_planner_v/hook/cmake_prefix_path.sh'
[97.874s] Level 1:colcon.colcon_core.environment:checking '/home/leon-wahl/Documents/fertige_version_von_rplidar_robo/robotik_master_volksbot/src/voronoi_planner_v/install/voronoi_planner_v/lib'
[97.875s] Level 1:colcon.colcon_core.environment:checking '/home/leon-wahl/Documents/fertige_version_von_rplidar_robo/robotik_master_volksbot/src/voronoi_planner_v/install/voronoi_planner_v/bin'
[97.875s] Level 1:colcon.colcon_core.environment:checking '/home/leon-wahl/Documents/fertige_version_von_rplidar_robo/robotik_master_volksbot/src/voronoi_planner_v/install/voronoi_planner_v/lib/pkgconfig/voronoi_planner_v.pc'
[97.877s] Level 1:colcon.colcon_core.environment:checking '/home/leon-wahl/Documents/fertige_version_von_rplidar_robo/robotik_master_volksbot/src/voronoi_planner_v/install/voronoi_planner_v/lib/python3.12/site-packages'
[97.880s] Level 1:colcon.colcon_core.environment:checking '/home/leon-wahl/Documents/fertige_version_von_rplidar_robo/robotik_master_volksbot/src/voronoi_planner_v/install/voronoi_planner_v/bin'
[97.882s] INFO:colcon.colcon_core.shell:Creating package script '/home/leon-wahl/Documents/fertige_version_von_rplidar_robo/robotik_master_volksbot/src/voronoi_planner_v/install/voronoi_planner_v/share/voronoi_planner_v/package.ps1'
[97.887s] INFO:colcon.colcon_core.shell:Creating package descriptor '/home/leon-wahl/Documents/fertige_version_von_rplidar_robo/robotik_master_volksbot/src/voronoi_planner_v/install/voronoi_planner_v/share/voronoi_planner_v/package.dsv'
[97.891s] INFO:colcon.colcon_core.shell:Creating package script '/home/leon-wahl/Documents/fertige_version_von_rplidar_robo/robotik_master_volksbot/src/voronoi_planner_v/install/voronoi_planner_v/share/voronoi_planner_v/package.sh'
[97.895s] INFO:colcon.colcon_core.shell:Creating package script '/home/leon-wahl/Documents/fertige_version_von_rplidar_robo/robotik_master_volksbot/src/voronoi_planner_v/install/voronoi_planner_v/share/voronoi_planner_v/package.bash'
[97.898s] INFO:colcon.colcon_core.shell:Creating package script '/home/leon-wahl/Documents/fertige_version_von_rplidar_robo/robotik_master_volksbot/src/voronoi_planner_v/install/voronoi_planner_v/share/voronoi_planner_v/package.zsh'
[97.902s] Level 1:colcon.colcon_core.environment:create_file_with_runtime_dependencies(/home/leon-wahl/Documents/fertige_version_von_rplidar_robo/robotik_master_volksbot/src/voronoi_planner_v/install/voronoi_planner_v/share/colcon-core/packages/voronoi_planner_v)
[97.904s] DEBUG:colcon.colcon_parallel_executor.executor.parallel:closing loop
[97.908s] DEBUG:colcon.colcon_parallel_executor.executor.parallel:loop closed
[97.910s] DEBUG:colcon.colcon_parallel_executor.executor.parallel:run_until_complete finished with '0'
[97.912s] DEBUG:colcon.colcon_core.event_reactor:joining thread
[97.964s] INFO:colcon.colcon_core.plugin_system:Skipping extension 'colcon_notification.desktop_notification.terminal_notifier': Not used on non-Darwin systems
[97.965s] INFO:colcon.colcon_core.plugin_system:Skipping extension 'colcon_notification.desktop_notification.win32': Not used on non-Windows systems
[97.966s] INFO:colcon.colcon_notification.desktop_notification:Sending desktop notification using 'notify2'
[98.069s] DEBUG:colcon.colcon_core.event_reactor:joined thread
[98.071s] INFO:colcon.colcon_core.shell:Creating prefix script '/home/leon-wahl/Documents/fertige_version_von_rplidar_robo/robotik_master_volksbot/src/voronoi_planner_v/install/local_setup.ps1'
[98.078s] INFO:colcon.colcon_core.shell:Creating prefix util module '/home/leon-wahl/Documents/fertige_version_von_rplidar_robo/robotik_master_volksbot/src/voronoi_planner_v/install/_local_setup_util_ps1.py'
[98.087s] INFO:colcon.colcon_core.shell:Creating prefix chain script '/home/leon-wahl/Documents/fertige_version_von_rplidar_robo/robotik_master_volksbot/src/voronoi_planner_v/install/setup.ps1'
[98.100s] INFO:colcon.colcon_core.shell:Creating prefix script '/home/leon-wahl/Documents/fertige_version_von_rplidar_robo/robotik_master_volksbot/src/voronoi_planner_v/install/local_setup.sh'
[98.105s] INFO:colcon.colcon_core.shell:Creating prefix util module '/home/leon-wahl/Documents/fertige_version_von_rplidar_robo/robotik_master_volksbot/src/voronoi_planner_v/install/_local_setup_util_sh.py'
[98.110s] INFO:colcon.colcon_core.shell:Creating prefix chain script '/home/leon-wahl/Documents/fertige_version_von_rplidar_robo/robotik_master_volksbot/src/voronoi_planner_v/install/setup.sh'
[98.122s] INFO:colcon.colcon_core.shell:Creating prefix script '/home/leon-wahl/Documents/fertige_version_von_rplidar_robo/robotik_master_volksbot/src/voronoi_planner_v/install/local_setup.bash'
[98.126s] INFO:colcon.colcon_core.shell:Creating prefix chain script '/home/leon-wahl/Documents/fertige_version_von_rplidar_robo/robotik_master_volksbot/src/voronoi_planner_v/install/setup.bash'
[98.138s] INFO:colcon.colcon_core.shell:Creating prefix script '/home/leon-wahl/Documents/fertige_version_von_rplidar_robo/robotik_master_volksbot/src/voronoi_planner_v/install/local_setup.zsh'
[98.142s] INFO:colcon.colcon_core.shell:Creating prefix chain script '/home/leon-wahl/Documents/fertige_version_von_rplidar_robo/robotik_master_volksbot/src/voronoi_planner_v/install/setup.zsh'
